// Jest Snapshot v1, https://goo.gl/fbAQLP

exports[`render should render the app 1`] = `
<div
  className="App"
>
  <Header
    message="Url Shortener"
  />
  <div>
    <urlForm />
  </div>
</div>
`;
