// Jest Snapshot v1, https://goo.gl/fbAQLP

exports[`should render the Header 1`] = `
<h1
  className="Header text-center"
>
  Url Shortener
</h1>
`;
